Traceback (most recent call last):
  File "D:\student_feedback\backend\test_runner.py", line 7, in <module>
    test_enrollment_fix.run_tests()
  File "D:\student_feedback\backend\test_enrollment_fix.py", line 46, in run_tests
    response = api_client.get('/api/enrollments/')
               ^^^^^^^^^^^^^^^^^^^^^^^^^^^^^^^^^^^
  File "C:\Users\shubh\AppData\Roaming\Python\Python311\site-packages\rest_framework\test.py", line 276, in get
    response = super().get(path, data=data, **extra)
               ^^^^^^^^^^^^^^^^^^^^^^^^^^^^^^^^^^^^^
  File "C:\Users\shubh\AppData\Roaming\Python\Python311\site-packages\rest_framework\test.py", line 193, in get
    return self.generic('GET', path, **r)
           ^^^^^^^^^^^^^^^^^^^^^^^^^^^^^^
  File "C:\Users\shubh\AppData\Roaming\Python\Python311\site-packages\rest_framework\test.py", line 221, in generic
    return super().generic(
           ^^^^^^^^^^^^^^^^
  File "C:\Users\shubh\AppData\Roaming\Python\Python311\site-packages\django\test\client.py", line 671, in generic
    return self.request(**r)
           ^^^^^^^^^^^^^^^^^
  File "C:\Users\shubh\AppData\Roaming\Python\Python311\site-packages\rest_framework\test.py", line 273, in request
    return super().request(**kwargs)
           ^^^^^^^^^^^^^^^^^^^^^^^^^
  File "C:\Users\shubh\AppData\Roaming\Python\Python311\site-packages\rest_framework\test.py", line 225, in request
    request = super().request(**kwargs)
              ^^^^^^^^^^^^^^^^^^^^^^^^^
  File "C:\Users\shubh\AppData\Roaming\Python\Python311\site-packages\django\test\client.py", line 1087, in request
    self.check_exception(response)
  File "C:\Users\shubh\AppData\Roaming\Python\Python311\site-packages\django\test\client.py", line 802, in check_exception
    raise exc_value
  File "C:\Users\shubh\AppData\Roaming\Python\Python311\site-packages\django\core\handlers\exception.py", line 55, in inner
    response = get_response(request)
               ^^^^^^^^^^^^^^^^^^^^^
  File "C:\Users\shubh\AppData\Roaming\Python\Python311\site-packages\django\core\handlers\base.py", line 197, in _get_response
    response = wrapped_callback(request, *callback_args, **callback_kwargs)
               ^^^^^^^^^^^^^^^^^^^^^^^^^^^^^^^^^^^^^^^^^^^^^^^^^^^^^^^^^^^^
  File "C:\Users\shubh\AppData\Roaming\Python\Python311\site-packages\django\views\decorators\csrf.py", line 65, in _view_wrapper
    return view_func(request, *args, **kwargs)
           ^^^^^^^^^^^^^^^^^^^^^^^^^^^^^^^^^^^
  File "C:\Users\shubh\AppData\Roaming\Python\Python311\site-packages\django\views\generic\base.py", line 105, in view
    return self.dispatch(request, *args, **kwargs)
           ^^^^^^^^^^^^^^^^^^^^^^^^^^^^^^^^^^^^^^^
  File "C:\Users\shubh\AppData\Roaming\Python\Python311\site-packages\rest_framework\views.py", line 515, in dispatch
    response = self.handle_exception(exc)
               ^^^^^^^^^^^^^^^^^^^^^^^^^^
  File "C:\Users\shubh\AppData\Roaming\Python\Python311\site-packages\rest_framework\views.py", line 475, in handle_exception
    self.raise_uncaught_exception(exc)
  File "C:\Users\shubh\AppData\Roaming\Python\Python311\site-packages\rest_framework\views.py", line 486, in raise_uncaught_exception
    raise exc
  File "C:\Users\shubh\AppData\Roaming\Python\Python311\site-packages\rest_framework\views.py", line 512, in dispatch
    response = handler(request, *args, **kwargs)
               ^^^^^^^^^^^^^^^^^^^^^^^^^^^^^^^^^
  File "C:\Users\shubh\AppData\Roaming\Python\Python311\site-packages\rest_framework\decorators.py", line 50, in handler
    return func(*args, **kwargs)
           ^^^^^^^^^^^^^^^^^^^^^
  File "D:\student_feedback\backend\users\views.py", line 1751, in list_enrollments
    matching_students = students_with_profiles.filter(
                        ^^^^^^^^^^^^^^^^^^^^^^^^^^^^^^
  File "C:\Users\shubh\AppData\Roaming\Python\Python311\site-packages\django\db\models\query.py", line 1495, in filter
    return self._filter_or_exclude(False, args, kwargs)
           ^^^^^^^^^^^^^^^^^^^^^^^^^^^^^^^^^^^^^^^^^^^^
  File "C:\Users\shubh\AppData\Roaming\Python\Python311\site-packages\django\db\models\query.py", line 1513, in _filter_or_exclude
    clone._filter_or_exclude_inplace(negate, args, kwargs)
  File "C:\Users\shubh\AppData\Roaming\Python\Python311\site-packages\django\db\models\query.py", line 1523, in _filter_or_exclude_inplace
    self._query.add_q(Q(*args, **kwargs))
  File "C:\Users\shubh\AppData\Roaming\Python\Python311\site-packages\django\db\models\sql\query.py", line 1648, in add_q
    clause, _ = self._add_q(q_object, can_reuse)
                ^^^^^^^^^^^^^^^^^^^^^^^^^^^^^^^^
  File "C:\Users\shubh\AppData\Roaming\Python\Python311\site-packages\django\db\models\sql\query.py", line 1680, in _add_q
    child_clause, needed_inner = self.build_filter(
                                 ^^^^^^^^^^^^^^^^^^
  File "C:\Users\shubh\AppData\Roaming\Python\Python311\site-packages\django\db\models\sql\query.py", line 1528, in build_filter
    lookups, parts, reffed_expression = self.solve_lookup_type(arg, summarize)
                                        ^^^^^^^^^^^^^^^^^^^^^^^^^^^^^^^^^^^^^^
  File "C:\Users\shubh\AppData\Roaming\Python\Python311\site-packages\django\db\models\sql\query.py", line 1335, in solve_lookup_type
    _, field, _, lookup_parts = self.names_to_path(lookup_splitted, self.get_meta())
                                ^^^^^^^^^^^^^^^^^^^^^^^^^^^^^^^^^^^^^^^^^^^^^^^^^^^^
  File "C:\Users\shubh\AppData\Roaming\Python\Python311\site-packages\django\db\models\sql\query.py", line 1813, in names_to_path
    raise FieldError(
django.core.exceptions.FieldError: Cannot resolve keyword 'student_profile' into field. Choices are: assignments, date_joined, department, department_id, email, enrollment_no, feedback_responses, feedback_submissions, feedbacks, first_name, groups, id, is_active, is_first_login, is_staff, is_superuser, last_login, last_name, logentry, outstandingtoken, password, role, session_offerings, student_profile_extended, student_semesters, user_permissions, username
